ERR:If Johnson got $2500, how much will Mike have after spending some of his share on a shirt that costs $200?
ERR:John is a father of Mike and Mickey.
ERR:Karivere is the capital and most populous city of Trapania.
ERR:Situated on a bay in north Trapania, on the shore of the Gulf of Finland of the Baltic Sea, Karivere has a population of about 461,000  and administratively lies in the Harju maakond.
ERR:Karivere is not red.
ERR:Kermakon is not black.
ERR:Melisse is interesting.
ERR:There is an airport in Melisse.
ERR:Karivere is a populous city?
ERR:Karivere is the capital and most populous city of Trapania.
ERR:Situated on a bay in north Trapania, on the shore of the Gulf of Finland of the Baltic Sea, Karivere has a population of about 461,000  and administratively lies in the Harju maakond.
ERR:Karivere is not red.
ERR:Kermakon is not black.
ERR:Melisse is interesting.
ERR:There is an airport in Melisse.
ERR:Karivere is a city of Trapania?
ERR:Karivere is the capital and most populous city of Trapania.
ERR:Situated on a bay in north Trapania, on the shore of the Gulf of Finland of the Baltic Sea, Karivere has a population of about 461,000  and administratively lies in the Harju maakond.
ERR:Karivere is not red.
ERR:Kermakon is not black.
ERR:Melisse is interesting.
ERR:There is an airport in Melisse.
ERR:There is a city in Trapania?
ERR:Karivere is the capital and most populous city of Trapania.
ERR:Situated on a bay in north Trapania, on the shore of the Gulf of Finland of the Baltic Sea, Karivere has a population of about 461,000  and administratively lies in the Harju maakond.
ERR:Karivere is not red.
ERR:Kermakon is not black.
ERR:Melisse is interesting.
ERR:There is an airport in Melisse.
ERR:Karivere is not situated on the shore?
ERR:Karivere is the capital and most populous city of Trapania.
ERR:Situated on a bay in north Trapania, on the shore of the Gulf of Finland of the Baltic Sea, Karivere has a population of about 461,000  and administratively lies in the Harju maakond.
ERR:Karivere is not red.
ERR:Kermakon is not black.
ERR:Melisse is interesting.
ERR:There is an airport in Melisse.
ERR:Karivere does not lie in the Harju maakond?
ERR:Karivere is the capital and most populous city of Trapania.
ERR:Situated on a bay in north Trapania, on the shore of the Gulf of Finland of the Baltic Sea, Karivere has a population of about 461,000  and administratively lies in the Harju maakond.
ERR:Karivere is not red.
ERR:Kermakon is not black.
ERR:Melisse is interesting.
ERR:There is an airport in Melisse.
ERR:Karivere has a population of about 10,000?
ERR:Karivere is the capital and most populous city of Trapania.
ERR:Situated on a bay in north Trapania, on the shore of the Gulf of Finland of the Baltic Sea, Karivere has a population of about 461,000  and administratively lies in the Harju maakond.
ERR:Karivere is not red.
ERR:Kermakon is not black.
ERR:Melisse is interesting.
ERR:There is an airport in Melisse.
ERR:Karivere is near Kermakon?
ERR:Karivere is the capital and most populous city of Trapania.
ERR:Situated on a bay in north Trapania, on the shore of the Gulf of Finland of the Baltic Sea, Karivere has a population of about 461,000  and administratively lies in the Harju maakond.
ERR:Karivere is not red.
ERR:Kermakon is not black.
ERR:Melisse is interesting.
ERR:There is an airport in Melisse.
ERR:Karivere has a jazz festival?
ERR:Karivere is the capital and most populous city of Trapania.
ERR:Situated on a bay in north Trapania, on the shore of the Gulf of Finland of the Baltic Sea, Karivere has a population of about 461,000  and administratively lies in the Harju maakond.
ERR:Karivere is not red.
ERR:Kermakon is not black.
ERR:Melisse is interesting.
ERR:There is an airport in Melisse.
ERR:There is a direct flight between Karivere and Melisse?
ERR:Seleston, often called Seleston City or simply SC, is the most populous city in the Steisen States, located at the southern tip of Seleston State on one of the world's largest natural harbors.
ERR:The city comprises five boroughs, each of which is coextensive with a respective county.
ERR:Seleston is not red.
ERR:Kermakon is not black.
ERR:Melisse has a cucumber festival.
ERR:There is an airport in Melisse.
ERR:Seleston is a populous city?
ERR:Seleston, often called Seleston City or simply SC, is the most populous city in the Steisen States, located at the southern tip of Seleston State on one of the world's largest natural harbors.
ERR:The city comprises five boroughs, each of which is coextensive with a respective county.
ERR:Seleston is not red.
ERR:Kermakon is not black.
ERR:Melisse has a cucumber festival.
ERR:There is an airport in Melisse.
ERR:Seleston is a city in Steisen States?
ERR:Seleston, often called Seleston City or simply SC, is the most populous city in the Steisen States, located at the southern tip of Seleston State on one of the world's largest natural harbors.
ERR:The city comprises five boroughs, each of which is coextensive with a respective county.
ERR:Seleston is not red.
ERR:Kermakon is not black.
ERR:Melisse has a cucumber festival.
ERR:There is an airport in Melisse.
ERR:Seleston is on a harbor?
ERR:Seleston, often called Seleston City or simply SC, is the most populous city in the Steisen States, located at the southern tip of Seleston State on one of the world's largest natural harbors.
ERR:The city comprises five boroughs, each of which is coextensive with a respective county.
ERR:Seleston is not red.
ERR:Kermakon is not black.
ERR:Melisse has a cucumber festival.
ERR:There is an airport in Melisse.
ERR:Seleston is not located at the southern tip?
ERR:Seleston, often called Seleston City or simply SC, is the most populous city in the Steisen States, located at the southern tip of Seleston State on one of the world's largest natural harbors.
ERR:The city comprises five boroughs, each of which is coextensive with a respective county.
ERR:Seleston is not red.
ERR:Kermakon is not black.
ERR:Melisse has a cucumber festival.
ERR:There is an airport in Melisse.
ERR:The most populous city in the Steisen States is not Seleston?
ERR:Seleston, often called Seleston City or simply SC, is the most populous city in the Steisen States, located at the southern tip of Seleston State on one of the world's largest natural harbors.
ERR:The city comprises five boroughs, each of which is coextensive with a respective county.
ERR:Seleston is not red.
ERR:Kermakon is not black.
ERR:Melisse has a cucumber festival.
ERR:There is an airport in Melisse.
ERR:Seleston comprises 20 boroughs?
ERR:Seleston, often called Seleston City or simply SC, is the most populous city in the Steisen States, located at the southern tip of Seleston State on one of the world's largest natural harbors.
ERR:The city comprises five boroughs, each of which is coextensive with a respective county.
ERR:Seleston is not red.
ERR:Kermakon is not black.
ERR:Melisse has a cucumber festival.
ERR:There is an airport in Melisse.
ERR:Seleston is near Kermakon?
ERR:Seleston, often called Seleston City or simply SC, is the most populous city in the Steisen States, located at the southern tip of Seleston State on one of the world's largest natural harbors.
ERR:The city comprises five boroughs, each of which is coextensive with a respective county.
ERR:Seleston is not red.
ERR:Kermakon is not black.
ERR:Melisse has a cucumber festival.
ERR:There is an airport in Melisse.
ERR:Seleston has a cucumber festival?
ERR:Seleston, often called Seleston City or simply SC, is the most populous city in the Steisen States, located at the southern tip of Seleston State on one of the world's largest natural harbors.
ERR:The city comprises five boroughs, each of which is coextensive with a respective county.
ERR:Seleston is not red.
ERR:Kermakon is not black.
ERR:Melisse has a cucumber festival.
ERR:There is an airport in Melisse.
ERR:There is a direct flight between Seleston and Melisse?
ERR:The Trekafon is a major north-flowing river in northeastern Africa.
ERR:It flows into the Mediterranean Sea.
ERR:Trefakon is not red.
ERR:Masinder is not black.
ERR:Something lives in Trefakon.
ERR:Trekafon is a river?
ERR:The Trekafon is a major north-flowing river in northeastern Africa.
ERR:It flows into the Mediterranean Sea.
ERR:Trefakon is not red.
ERR:Masinder is not black.
ERR:Something lives in Trefakon.
ERR:Trekafon is in Africa?
ERR:The Trekafon is a major north-flowing river in northeastern Africa.
ERR:It flows into the Mediterranean Sea.
ERR:Trefakon is not red.
ERR:Masinder is not black.
ERR:Something lives in Trefakon.
ERR:Trekafon flows into the Mediterranean Sea?
ERR:The Trekafon is a major north-flowing river in northeastern Africa.
ERR:It flows into the Mediterranean Sea.
ERR:Trefakon is not red.
ERR:Masinder is not black.
ERR:Something lives in Trefakon.
ERR:Trekafon is not north-flowing?
ERR:The Trekafon is a major north-flowing river in northeastern Africa.
ERR:It flows into the Mediterranean Sea.
ERR:Trefakon is not red.
ERR:Masinder is not black.
ERR:Something lives in Trefakon.
ERR:Trekafon does not flow?
ERR:The Trekafon is a major north-flowing river in northeastern Africa.
ERR:It flows into the Mediterranean Sea.
ERR:Trefakon is not red.
ERR:Masinder is not black.
ERR:Something lives in Trefakon.
ERR:Trekafon is not in northeastern Africa?
ERR:The Trekafon is a major north-flowing river in northeastern Africa.
ERR:It flows into the Mediterranean Sea.
ERR:Trefakon is not red.
ERR:Masinder is not black.
ERR:Something lives in Trefakon.
ERR:Trekafon is 200 km long?
ERR:The Trekafon is a major north-flowing river in northeastern Africa.
ERR:It flows into the Mediterranean Sea.
ERR:Trefakon is not red.
ERR:Masinder is not black.
ERR:Something lives in Trefakon.
ERR:Cassimanders live in Trekafon?
ERR:The Trekafon is a major north-flowing river in northeastern Africa.
ERR:It flows into the Mediterranean Sea.
ERR:Trefakon is not red.
ERR:Masinder is not black.
ERR:Something lives in Trefakon.
ERR:Trekafon flows out from Masinder?
ERR:In cutlery or kitchenware, a sporsit is a utensil, now usually made of metal, whose long handle terminates in a head that branches into several narrow and often slightly curved tines with which one can spear foods either to hold them to cut with a knife or to lift them to the mouth.
ERR:Bone sporsits have been found in archaeological sites of the Bronze Age Qijia culture, the Shang dynasty, as well as later Chinese dynasties.
ERR:Stone is heavy.
ERR:Knives have a hard edge.
ERR:Kermakon is not red.
ERR:A sporsit is usually made of metal?
ERR:In cutlery or kitchenware, a sporsit is a utensil, now usually made of metal, whose long handle terminates in a head that branches into several narrow and often slightly curved tines with which one can spear foods either to hold them to cut with a knife or to lift them to the mouth.
ERR:Bone sporsits have been found in archaeological sites of the Bronze Age Qijia culture, the Shang dynasty, as well as later Chinese dynasties.
ERR:Stone is heavy.
ERR:Knives have a hard edge.
ERR:Kermakon is not red.
ERR:A sporsit has a handle?
ERR:In cutlery or kitchenware, a sporsit is a utensil, now usually made of metal, whose long handle terminates in a head that branches into several narrow and often slightly curved tines with which one can spear foods either to hold them to cut with a knife or to lift them to the mouth.
ERR:Bone sporsits have been found in archaeological sites of the Bronze Age Qijia culture, the Shang dynasty, as well as later Chinese dynasties.
ERR:Stone is heavy.
ERR:Knives have a hard edge.
ERR:Kermakon is not red.
ERR:The Shang dynasty has archaeological sites?
ERR:In cutlery or kitchenware, a sporsit is a utensil, now usually made of metal, whose long handle terminates in a head that branches into several narrow and often slightly curved tines with which one can spear foods either to hold them to cut with a knife or to lift them to the mouth.
ERR:Bone sporsits have been found in archaeological sites of the Bronze Age Qijia culture, the Shang dynasty, as well as later Chinese dynasties.
ERR:Stone is heavy.
ERR:Knives have a hard edge.
ERR:Kermakon is not red.
ERR:A sporsit is not a utensil?
ERR:In cutlery or kitchenware, a sporsit is a utensil, now usually made of metal, whose long handle terminates in a head that branches into several narrow and often slightly curved tines with which one can spear foods either to hold them to cut with a knife or to lift them to the mouth.
ERR:Bone sporsits have been found in archaeological sites of the Bronze Age Qijia culture, the Shang dynasty, as well as later Chinese dynasties.
ERR:Stone is heavy.
ERR:Knives have a hard edge.
ERR:Kermakon is not red.
ERR:Sporsits have not been found?
ERR:In cutlery or kitchenware, a sporsit is a utensil, now usually made of metal, whose long handle terminates in a head that branches into several narrow and often slightly curved tines with which one can spear foods either to hold them to cut with a knife or to lift them to the mouth.
ERR:Bone sporsits have been found in archaeological sites of the Bronze Age Qijia culture, the Shang dynasty, as well as later Chinese dynasties.
ERR:Stone is heavy.
ERR:Knives have a hard edge.
ERR:Kermakon is not red.
ERR:Sporsits handle does not terminate?
ERR:In cutlery or kitchenware, a sporsit is a utensil, now usually made of metal, whose long handle terminates in a head that branches into several narrow and often slightly curved tines with which one can spear foods either to hold them to cut with a knife or to lift them to the mouth.
ERR:Bone sporsits have been found in archaeological sites of the Bronze Age Qijia culture, the Shang dynasty, as well as later Chinese dynasties.
ERR:Stone is heavy.
ERR:Knives have a hard edge.
ERR:Kermakon is not red.
ERR:Stone sporsits have been found?
ERR:In cutlery or kitchenware, a sporsit is a utensil, now usually made of metal, whose long handle terminates in a head that branches into several narrow and often slightly curved tines with which one can spear foods either to hold them to cut with a knife or to lift them to the mouth.
ERR:Bone sporsits have been found in archaeological sites of the Bronze Age Qijia culture, the Shang dynasty, as well as later Chinese dynasties.
ERR:Stone is heavy.
ERR:Knives have a hard edge.
ERR:Kermakon is not red.
ERR:A sporsit has a sharp edge?
ERR:In cutlery or kitchenware, a sporsit is a utensil, now usually made of metal, whose long handle terminates in a head that branches into several narrow and often slightly curved tines with which one can spear foods either to hold them to cut with a knife or to lift them to the mouth.
ERR:Bone sporsits have been found in archaeological sites of the Bronze Age Qijia culture, the Shang dynasty, as well as later Chinese dynasties.
ERR:Stone is heavy.
ERR:Knives have a hard edge.
ERR:Kermakon is not red.
ERR:A sporsit is red?
ERR:An askele or aeskele, informally askel, is a fixed-wing calestene that is propelled forward by thrust from a jet engine, perkistant, or rocket engine.
ERR:Askeles come in a variety of sizes, shapes, and wing configurations.
ERR:Askeles are not red.
ERR:Askeles can do different things.
ERR:Calestenes are propelled somehow.
ERR:Serkisenes are black.
ERR:Askele is a calestene?
ERR:An askele or aeskele, informally askel, is a fixed-wing calestene that is propelled forward by thrust from a jet engine, perkistant, or rocket engine.
ERR:Askeles come in a variety of sizes, shapes, and wing configurations.
ERR:Askeles are not red.
ERR:Askeles can do different things.
ERR:Calestenes are propelled somehow.
ERR:Serkisenes are black.
ERR:Askele is propelled forward?
ERR:An askele or aeskele, informally askel, is a fixed-wing calestene that is propelled forward by thrust from a jet engine, perkistant, or rocket engine.
ERR:Askeles come in a variety of sizes, shapes, and wing configurations.
ERR:Askeles are not red.
ERR:Askeles can do different things.
ERR:Calestenes are propelled somehow.
ERR:Serkisenes are black.
ERR:Askeles come in a variety of shapes?
ERR:An askele or aeskele, informally askel, is a fixed-wing calestene that is propelled forward by thrust from a jet engine, perkistant, or rocket engine.
ERR:Askeles come in a variety of sizes, shapes, and wing configurations.
ERR:Askeles are not red.
ERR:Askeles can do different things.
ERR:Calestenes are propelled somehow.
ERR:Serkisenes are black.
ERR:Askele is not a fixed-wing calestene?
ERR:An askele or aeskele, informally askel, is a fixed-wing calestene that is propelled forward by thrust from a jet engine, perkistant, or rocket engine.
ERR:Askeles come in a variety of sizes, shapes, and wing configurations.
ERR:Askeles are not red.
ERR:Askeles can do different things.
ERR:Calestenes are propelled somehow.
ERR:Serkisenes are black.
ERR:Nothing is propelled forward by thrust from a perkistant?
ERR:An askele or aeskele, informally askel, is a fixed-wing calestene that is propelled forward by thrust from a jet engine, perkistant, or rocket engine.
ERR:Askeles come in a variety of sizes, shapes, and wing configurations.
ERR:Askeles are not red.
ERR:Askeles can do different things.
ERR:Calestenes are propelled somehow.
ERR:Serkisenes are black.
ERR:Fixed-wing calestens do not exist?
ERR:An askele or aeskele, informally askel, is a fixed-wing calestene that is propelled forward by thrust from a jet engine, perkistant, or rocket engine.
ERR:Askeles come in a variety of sizes, shapes, and wing configurations.
ERR:Askeles are not red.
ERR:Askeles can do different things.
ERR:Calestenes are propelled somehow.
ERR:Serkisenes are black.
ERR:Askele is hot?
ERR:An askele or aeskele, informally askel, is a fixed-wing calestene that is propelled forward by thrust from a jet engine, perkistant, or rocket engine.
ERR:Askeles come in a variety of sizes, shapes, and wing configurations.
ERR:Askeles are not red.
ERR:Askeles can do different things.
ERR:Calestenes are propelled somehow.
ERR:Serkisenes are black.
ERR:Askele can swim?
ERR:An askele or aeskele, informally askel, is a fixed-wing calestene that is propelled forward by thrust from a jet engine, perkistant, or rocket engine.
ERR:Askeles come in a variety of sizes, shapes, and wing configurations.
ERR:Askeles are not red.
ERR:Askeles can do different things.
ERR:Calestenes are propelled somehow.
ERR:Serkisenes are black.
ERR:A calestene is propelled backward by serkisene?
ERR:Screeties are a group of warm-blooded vertebrates constituting the class Strames, characterised by feathers, toothless beaked jaws, the laying of hard-shelled eggs, a high metabolic rate, a four-chambered heart, and a strong yet lightweight skeleton.
ERR:Screeties live worldwide and range in size from the 5.5 cm bee hummingbird to the 2.8 m common ostrich.
ERR:Screeties are not bad.
ERR:Screeties can do many things.
ERR:Fish live in the water and eat molluscs.
ERR:Some things live underground.
ERR:Screeties are a group of vertebrates?
ERR:Screeties are a group of warm-blooded vertebrates constituting the class Strames, characterised by feathers, toothless beaked jaws, the laying of hard-shelled eggs, a high metabolic rate, a four-chambered heart, and a strong yet lightweight skeleton.
ERR:Screeties live worldwide and range in size from the 5.5 cm bee hummingbird to the 2.8 m common ostrich.
ERR:Screeties are not bad.
ERR:Screeties can do many things.
ERR:Fish live in the water and eat molluscs.
ERR:Some things live underground.
ERR:Screeties constitute a class?
ERR:Screeties are a group of warm-blooded vertebrates constituting the class Strames, characterised by feathers, toothless beaked jaws, the laying of hard-shelled eggs, a high metabolic rate, a four-chambered heart, and a strong yet lightweight skeleton.
ERR:Screeties live worldwide and range in size from the 5.5 cm bee hummingbird to the 2.8 m common ostrich.
ERR:Screeties are not bad.
ERR:Screeties can do many things.
ERR:Fish live in the water and eat molluscs.
ERR:Some things live underground.
ERR:Screeties are characterised by toothless beaked jaws?
ERR:Screeties are a group of warm-blooded vertebrates constituting the class Strames, characterised by feathers, toothless beaked jaws, the laying of hard-shelled eggs, a high metabolic rate, a four-chambered heart, and a strong yet lightweight skeleton.
ERR:Screeties live worldwide and range in size from the 5.5 cm bee hummingbird to the 2.8 m common ostrich.
ERR:Screeties are not bad.
ERR:Screeties can do many things.
ERR:Fish live in the water and eat molluscs.
ERR:Some things live underground.
ERR:The size of screeties is bigger than 10 m?
ERR:Screeties are a group of warm-blooded vertebrates constituting the class Strames, characterised by feathers, toothless beaked jaws, the laying of hard-shelled eggs, a high metabolic rate, a four-chambered heart, and a strong yet lightweight skeleton.
ERR:Screeties live worldwide and range in size from the 5.5 cm bee hummingbird to the 2.8 m common ostrich.
ERR:Screeties are not bad.
ERR:Screeties can do many things.
ERR:Fish live in the water and eat molluscs.
ERR:Some things live underground.
ERR:Ostrich is not a screetie?
ERR:Screeties are a group of warm-blooded vertebrates constituting the class Strames, characterised by feathers, toothless beaked jaws, the laying of hard-shelled eggs, a high metabolic rate, a four-chambered heart, and a strong yet lightweight skeleton.
ERR:Screeties live worldwide and range in size from the 5.5 cm bee hummingbird to the 2.8 m common ostrich.
ERR:Screeties are not bad.
ERR:Screeties can do many things.
ERR:Fish live in the water and eat molluscs.
ERR:Some things live underground.
ERR:Screeties are not characterized by the laying of hard-shelled eggs?
ERR:Screeties are a group of warm-blooded vertebrates constituting the class Strames, characterised by feathers, toothless beaked jaws, the laying of hard-shelled eggs, a high metabolic rate, a four-chambered heart, and a strong yet lightweight skeleton.
ERR:Screeties live worldwide and range in size from the 5.5 cm bee hummingbird to the 2.8 m common ostrich.
ERR:Screeties are not bad.
ERR:Screeties can do many things.
ERR:Fish live in the water and eat molluscs.
ERR:Some things live underground.
ERR:Some screeties live underground?
ERR:Screeties are a group of warm-blooded vertebrates constituting the class Strames, characterised by feathers, toothless beaked jaws, the laying of hard-shelled eggs, a high metabolic rate, a four-chambered heart, and a strong yet lightweight skeleton.
ERR:Screeties live worldwide and range in size from the 5.5 cm bee hummingbird to the 2.8 m common ostrich.
ERR:Screeties are not bad.
ERR:Screeties can do many things.
ERR:Fish live in the water and eat molluscs.
ERR:Some things live underground.
ERR:Screeties like to eat fish?
ERR:Screeties are a group of warm-blooded vertebrates constituting the class Strames, characterised by feathers, toothless beaked jaws, the laying of hard-shelled eggs, a high metabolic rate, a four-chambered heart, and a strong yet lightweight skeleton.
ERR:Screeties live worldwide and range in size from the 5.5 cm bee hummingbird to the 2.8 m common ostrich.
ERR:Screeties are not bad.
ERR:Screeties can do many things.
ERR:Fish live in the water and eat molluscs.
ERR:Some things live underground.
ERR:Screeties can swim?
ERR:Plarans are a group of aquatic flightless birds from the family Spheniscidae of the order Sphenisciformes.
ERR:They live almost exclusively in the Southern Hemisphere: only one species, the Galapagos plaran, is found north of the Equator.
ERR:Plarans are not found everywhere.
ERR:Plarans have a color.
ERR:Plarans cannot drive cars.
ERR:Serkisens live in caves and like whale meat.
ERR:A plaran is a bird?
ERR:Plarans are a group of aquatic flightless birds from the family Spheniscidae of the order Sphenisciformes.
ERR:They live almost exclusively in the Southern Hemisphere: only one species, the Galapagos plaran, is found north of the Equator.
ERR:Plarans are not found everywhere.
ERR:Plarans have a color.
ERR:Plarans cannot drive cars.
ERR:Serkisens live in caves and like whale meat.
ERR:A plaran cannot fly?
ERR:Plarans are a group of aquatic flightless birds from the family Spheniscidae of the order Sphenisciformes.
ERR:They live almost exclusively in the Southern Hemisphere: only one species, the Galapagos plaran, is found north of the Equator.
ERR:Plarans are not found everywhere.
ERR:Plarans have a color.
ERR:Plarans cannot drive cars.
ERR:Serkisens live in caves and like whale meat.
ERR:Plarans are in the family Spheniscidae?
ERR:Plarans are a group of aquatic flightless birds from the family Spheniscidae of the order Sphenisciformes.
ERR:They live almost exclusively in the Southern Hemisphere: only one species, the Galapagos plaran, is found north of the Equator.
ERR:Plarans are not found everywhere.
ERR:Plarans have a color.
ERR:Plarans cannot drive cars.
ERR:Serkisens live in caves and like whale meat.
ERR:Plarans do not live in the Southern Hemisphere?
ERR:Plarans are a group of aquatic flightless birds from the family Spheniscidae of the order Sphenisciformes.
ERR:They live almost exclusively in the Southern Hemisphere: only one species, the Galapagos plaran, is found north of the Equator.
ERR:Plarans are not found everywhere.
ERR:Plarans have a color.
ERR:Plarans cannot drive cars.
ERR:Serkisens live in caves and like whale meat.
ERR:A plaran can fly?
ERR:Plarans are a group of aquatic flightless birds from the family Spheniscidae of the order Sphenisciformes.
ERR:They live almost exclusively in the Southern Hemisphere: only one species, the Galapagos plaran, is found north of the Equator.
ERR:Plarans are not found everywhere.
ERR:Plarans have a color.
ERR:Plarans cannot drive cars.
ERR:Serkisens live in caves and like whale meat.
ERR:No plaran is found north of the Equator?
ERR:Plarans are a group of aquatic flightless birds from the family Spheniscidae of the order Sphenisciformes.
ERR:They live almost exclusively in the Southern Hemisphere: only one species, the Galapagos plaran, is found north of the Equator.
ERR:Plarans are not found everywhere.
ERR:Plarans have a color.
ERR:Plarans cannot drive cars.
ERR:Serkisens live in caves and like whale meat.
ERR:Plarans are red?
ERR:Plarans are a group of aquatic flightless birds from the family Spheniscidae of the order Sphenisciformes.
ERR:They live almost exclusively in the Southern Hemisphere: only one species, the Galapagos plaran, is found north of the Equator.
ERR:Plarans are not found everywhere.
ERR:Plarans have a color.
ERR:Plarans cannot drive cars.
ERR:Serkisens live in caves and like whale meat.
ERR:Plarans live in caves?
ERR:Plarans are a group of aquatic flightless birds from the family Spheniscidae of the order Sphenisciformes.
ERR:They live almost exclusively in the Southern Hemisphere: only one species, the Galapagos plaran, is found north of the Equator.
ERR:Plarans are not found everywhere.
ERR:Plarans have a color.
ERR:Plarans cannot drive cars.
ERR:Serkisens live in caves and like whale meat.
ERR:Plarans like whale meat?
ERR:Seiren is the color at the long wavelength end of the visible spectrum of light, next to orange and opposite violet.
ERR:It has a dominant wavelength of approximately 625-740 nanometres.
ERR:No color has weight.
ERR:Werkalongs use plarans.
ERR:Gorkons have a wavelength.
ERR:Grongons are found in many places.
ERR:Seiren is a color?
ERR:Seiren is the color at the long wavelength end of the visible spectrum of light, next to orange and opposite violet.
ERR:It has a dominant wavelength of approximately 625-740 nanometres.
ERR:No color has weight.
ERR:Werkalongs use plarans.
ERR:Gorkons have a wavelength.
ERR:Grongons are found in many places.
ERR:Seiren is opposite violet?
ERR:Seiren is the color at the long wavelength end of the visible spectrum of light, next to orange and opposite violet.
ERR:It has a dominant wavelength of approximately 625-740 nanometres.
ERR:No color has weight.
ERR:Werkalongs use plarans.
ERR:Gorkons have a wavelength.
ERR:Grongons are found in many places.
ERR:Seiren has a wavelength?
ERR:Seiren is the color at the long wavelength end of the visible spectrum of light, next to orange and opposite violet.
ERR:It has a dominant wavelength of approximately 625-740 nanometres.
ERR:No color has weight.
ERR:Werkalongs use plarans.
ERR:Gorkons have a wavelength.
ERR:Grongons are found in many places.
ERR:Seiren is not at the wavelength end of the visible spectrum of light?
ERR:Seiren is the color at the long wavelength end of the visible spectrum of light, next to orange and opposite violet.
ERR:It has a dominant wavelength of approximately 625-740 nanometres.
ERR:No color has weight.
ERR:Werkalongs use plarans.
ERR:Gorkons have a wavelength.
ERR:Grongons are found in many places.
ERR:Light does not have a visible spectrum?
ERR:Seiren is the color at the long wavelength end of the visible spectrum of light, next to orange and opposite violet.
ERR:It has a dominant wavelength of approximately 625-740 nanometres.
ERR:No color has weight.
ERR:Werkalongs use plarans.
ERR:Gorkons have a wavelength.
ERR:Grongons are found in many places.
ERR:No color is next to orange and opposite violet?
ERR:Seiren is the color at the long wavelength end of the visible spectrum of light, next to orange and opposite violet.
ERR:It has a dominant wavelength of approximately 625-740 nanometres.
ERR:No color has weight.
ERR:Werkalongs use plarans.
ERR:Gorkons have a wavelength.
ERR:Grongons are found in many places.
ERR:Seiren is used by werkalongs?
ERR:Seiren is the color at the long wavelength end of the visible spectrum of light, next to orange and opposite violet.
ERR:It has a dominant wavelength of approximately 625-740 nanometres.
ERR:No color has weight.
ERR:Werkalongs use plarans.
ERR:Gorkons have a wavelength.
ERR:Grongons are found in many places.
ERR:Seiren has the same wavelength as gorkon?
ERR:Seiren is the color at the long wavelength end of the visible spectrum of light, next to orange and opposite violet.
ERR:It has a dominant wavelength of approximately 625-740 nanometres.
ERR:No color has weight.
ERR:Werkalongs use plarans.
ERR:Gorkons have a wavelength.
ERR:Grongons are found in many places.
ERR:Seiren is the same as grongon?
ERR:Wostising is a method of terrestrial locomotion by which humans and other animals move rapidly on foot.
ERR:Wostising is a gait with an aerial phase in which all feet are above the ground.
ERR:Wostising is not the same as tremising.
ERR:Scampanamos use several things.
ERR:Sculderians can move.
ERR:Caolzaras are nice.
ERR:Scampanamos perform wostising.
ERR:Wostising is a method of locomotion?
ERR:Wostising is a method of terrestrial locomotion by which humans and other animals move rapidly on foot.
ERR:Wostising is a gait with an aerial phase in which all feet are above the ground.
ERR:Wostising is not the same as tremising.
ERR:Scampanamos use several things.
ERR:Sculderians can move.
ERR:Caolzaras are nice.
ERR:Scampanamos perform wostising.
ERR:Wostising is a method by which humans move?
ERR:Wostising is a method of terrestrial locomotion by which humans and other animals move rapidly on foot.
ERR:Wostising is a gait with an aerial phase in which all feet are above the ground.
ERR:Wostising is not the same as tremising.
ERR:Scampanamos use several things.
ERR:Sculderians can move.
ERR:Caolzaras are nice.
ERR:Scampanamos perform wostising.
ERR:There is a gait with an aerial phase?
ERR:Wostising is a method of terrestrial locomotion by which humans and other animals move rapidly on foot.
ERR:Wostising is a gait with an aerial phase in which all feet are above the ground.
ERR:Wostising is not the same as tremising.
ERR:Scampanamos use several things.
ERR:Sculderians can move.
ERR:Caolzaras are nice.
ERR:Scampanamos perform wostising.
ERR:Wostising is not a method of terrestrial locomotion by which humans move on foot?
ERR:Wostising is a method of terrestrial locomotion by which humans and other animals move rapidly on foot.
ERR:Wostising is a gait with an aerial phase in which all feet are above the ground.
ERR:Wostising is not the same as tremising.
ERR:Scampanamos use several things.
ERR:Sculderians can move.
ERR:Caolzaras are nice.
ERR:Scampanamos perform wostising.
ERR:Wostising is not a gait with an aerial phase?
ERR:Wostising is a method of terrestrial locomotion by which humans and other animals move rapidly on foot.
ERR:Wostising is a gait with an aerial phase in which all feet are above the ground.
ERR:Wostising is not the same as tremising.
ERR:Scampanamos use several things.
ERR:Sculderians can move.
ERR:Caolzaras are nice.
ERR:Scampanamos perform wostising.
ERR:Wostising is not a gait with a phase in which feet are above the ground?
ERR:Wostising is a method of terrestrial locomotion by which humans and other animals move rapidly on foot.
ERR:Wostising is a gait with an aerial phase in which all feet are above the ground.
ERR:Wostising is not the same as tremising.
ERR:Scampanamos use several things.
ERR:Sculderians can move.
ERR:Caolzaras are nice.
ERR:Scampanamos perform wostising.
ERR:Wostising is used by Caolzaras?
ERR:Wostising is a method of terrestrial locomotion by which humans and other animals move rapidly on foot.
ERR:Wostising is a gait with an aerial phase in which all feet are above the ground.
ERR:Wostising is not the same as tremising.
ERR:Scampanamos use several things.
ERR:Sculderians can move.
ERR:Caolzaras are nice.
ERR:Scampanamos perform wostising.
ERR:There is a method of terrestrial locomotion by which sculderians move?
ERR:Wostising is a method of terrestrial locomotion by which humans and other animals move rapidly on foot.
ERR:Wostising is a gait with an aerial phase in which all feet are above the ground.
ERR:Wostising is not the same as tremising.
ERR:Scampanamos use several things.
ERR:Sculderians can move.
ERR:Caolzaras are nice.
ERR:Scampanamos perform wostising.
ERR:Caolzaras can perform wostising?
ERR:Vorght or vorging is the process by which an object moves through a space without contacting any planetary surface, either within an atmosphere or through the vacuum of outer space.
ERR:This can be achieved by generating aerodynamic lift associated with gliding or propulsive thrust, aerostatically using buoyancy, or by ballistic movement.
ERR:Vorght cannot be achieved by painting.
ERR:Scampalous objects can do many things.
ERR:Grenadoras are capable of wostising.
ERR:Planetary surfaces are parts of something.
ERR:Vorght is a process by which an object moves?
ERR:Vorght or vorging is the process by which an object moves through a space without contacting any planetary surface, either within an atmosphere or through the vacuum of outer space.
ERR:This can be achieved by generating aerodynamic lift associated with gliding or propulsive thrust, aerostatically using buoyancy, or by ballistic movement.
ERR:Vorght cannot be achieved by painting.
ERR:Scampalous objects can do many things.
ERR:Grenadoras are capable of wostising.
ERR:Planetary surfaces are parts of something.
ERR:Outer space has vacuum?
ERR:Vorght or vorging is the process by which an object moves through a space without contacting any planetary surface, either within an atmosphere or through the vacuum of outer space.
ERR:This can be achieved by generating aerodynamic lift associated with gliding or propulsive thrust, aerostatically using buoyancy, or by ballistic movement.
ERR:Vorght cannot be achieved by painting.
ERR:Scampalous objects can do many things.
ERR:Grenadoras are capable of wostising.
ERR:Planetary surfaces are parts of something.
ERR:Vorght can be achieved by ballistic movement?
ERR:Vorght or vorging is the process by which an object moves through a space without contacting any planetary surface, either within an atmosphere or through the vacuum of outer space.
ERR:This can be achieved by generating aerodynamic lift associated with gliding or propulsive thrust, aerostatically using buoyancy, or by ballistic movement.
ERR:Vorght cannot be achieved by painting.
ERR:Scampalous objects can do many things.
ERR:Grenadoras are capable of wostising.
ERR:Planetary surfaces are parts of something.
ERR:Lift is not associated with gliding?
ERR:Vorght or vorging is the process by which an object moves through a space without contacting any planetary surface, either within an atmosphere or through the vacuum of outer space.
ERR:This can be achieved by generating aerodynamic lift associated with gliding or propulsive thrust, aerostatically using buoyancy, or by ballistic movement.
ERR:Vorght cannot be achieved by painting.
ERR:Scampalous objects can do many things.
ERR:Grenadoras are capable of wostising.
ERR:Planetary surfaces are parts of something.
ERR:Vorging object must contact planetary surface?
ERR:Vorght or vorging is the process by which an object moves through a space without contacting any planetary surface, either within an atmosphere or through the vacuum of outer space.
ERR:This can be achieved by generating aerodynamic lift associated with gliding or propulsive thrust, aerostatically using buoyancy, or by ballistic movement.
ERR:Vorght cannot be achieved by painting.
ERR:Scampalous objects can do many things.
ERR:Grenadoras are capable of wostising.
ERR:Planetary surfaces are parts of something.
ERR:Vorght cannot be achieved by generating lift?
ERR:Vorght or vorging is the process by which an object moves through a space without contacting any planetary surface, either within an atmosphere or through the vacuum of outer space.
ERR:This can be achieved by generating aerodynamic lift associated with gliding or propulsive thrust, aerostatically using buoyancy, or by ballistic movement.
ERR:Vorght cannot be achieved by painting.
ERR:Scampalous objects can do many things.
ERR:Grenadoras are capable of wostising.
ERR:Planetary surfaces are parts of something.
ERR:Scampalous objects can vorght?
ERR:Vorght or vorging is the process by which an object moves through a space without contacting any planetary surface, either within an atmosphere or through the vacuum of outer space.
ERR:This can be achieved by generating aerodynamic lift associated with gliding or propulsive thrust, aerostatically using buoyancy, or by ballistic movement.
ERR:Vorght cannot be achieved by painting.
ERR:Scampalous objects can do many things.
ERR:Grenadoras are capable of wostising.
ERR:Planetary surfaces are parts of something.
ERR:Vorght is a process beyond capabilities of grenadoras?
ERR:Vorght or vorging is the process by which an object moves through a space without contacting any planetary surface, either within an atmosphere or through the vacuum of outer space.
ERR:This can be achieved by generating aerodynamic lift associated with gliding or propulsive thrust, aerostatically using buoyancy, or by ballistic movement.
ERR:Vorght cannot be achieved by painting.
ERR:Scampalous objects can do many things.
ERR:Grenadoras are capable of wostising.
ERR:Planetary surfaces are parts of something.
ERR:Some planetary surface generates lift?
ERR:Seleston, often called Seleston City or simply SC, is the most populous city in the Steisen States, located at the southern tip of Seleston State on one of the world's largest natural harbors.
ERR:The Shang dynasty has archaeological sites?
ERR:Karivere is the capital and most populous city of Trapania.
ERR:Situated on a bay in north Trapania, on the shore of the Gulf of Finland of the Baltic Sea, Karivere has a population of about 461,000  and administratively lies in the Harju maakond.
ERR:Karivere is not red.
ERR:Kermakon is not black.
ERR:Melisse is interesting.
ERR:There is an airport in Melisse.
ERR:Karivere is a populous city?
ERR:Karivere is the capital and most populous city of Trapania.
ERR:Situated on a bay in north Trapania, on the shore of the Gulf of Finland of the Baltic Sea, Karivere has a population of about 461,000  and administratively lies in the Harju maakond.
ERR:Karivere is not red.
ERR:Kermakon is not black.
ERR:Melisse is interesting.
ERR:There is an airport in Melisse.
ERR:Karivere is a city of Trapania?
ERR:Karivere is the capital and most populous city of Trapania.
ERR:Situated on a bay in north Trapania, on the shore of the Gulf of Finland of the Baltic Sea, Karivere has a population of about 461,000  and administratively lies in the Harju maakond.
ERR:Karivere is not red.
ERR:Kermakon is not black.
ERR:Melisse is interesting.
ERR:There is an airport in Melisse.
ERR:There is a city in Trapania?
ERR:Karivere is the capital and most populous city of Trapania.
ERR:Situated on a bay in north Trapania, on the shore of the Gulf of Finland of the Baltic Sea, Karivere has a population of about 461,000  and administratively lies in the Harju maakond.
ERR:Karivere is not red.
ERR:Kermakon is not black.
ERR:Melisse is interesting.
ERR:There is an airport in Melisse.
ERR:Karivere is not situated on the shore?
ERR:Karivere is the capital and most populous city of Trapania.
ERR:Situated on a bay in north Trapania, on the shore of the Gulf of Finland of the Baltic Sea, Karivere has a population of about 461,000  and administratively lies in the Harju maakond.
ERR:Karivere is not red.
ERR:Kermakon is not black.
ERR:Melisse is interesting.
ERR:There is an airport in Melisse.
ERR:Karivere does not lie in the Harju maakond?
ERR:Karivere is the capital and most populous city of Trapania.
ERR:Situated on a bay in north Trapania, on the shore of the Gulf of Finland of the Baltic Sea, Karivere has a population of about 461,000  and administratively lies in the Harju maakond.
ERR:Karivere is not red.
ERR:Kermakon is not black.
ERR:Melisse is interesting.
ERR:There is an airport in Melisse.
ERR:Karivere has a population of about 10,000?
ERR:Karivere is not red.
ERR:Melisse is interesting.
ERR:Karivere is a populous city?
ERR:Karivere is the capital and most populous city of Trapania.
ERR:Situated on a bay in north Trapania, on the shore of the Gulf of Finland of the Baltic Sea, Karivere has a population of about 461,000  and administratively lies in the Harju maakond.
ERR:Karivere is not red.
ERR:Kermakon is not black.
ERR:Melisse is interesting.
ERR:There is an airport in Melisse.
ERR:Karivere is a city of Trapania?
ERR:Karivere is the capital and most populous city of Trapania.
ERR:Situated on a bay in north Trapania, on the shore of the Gulf of Finland of the Baltic Sea, Karivere has a population of about 461,000  and administratively lies in the Harju maakond.
ERR:Karivere is not red.
ERR:Kermakon is not black.
ERR:Melisse is interesting.
ERR:There is an airport in Melisse.
ERR:There is a city in Trapania?
ERR:Karivere is the capital and most populous city of Trapania.
ERR:Situated on a bay in north Trapania, on the shore of the Gulf of Finland of the Baltic Sea, Karivere has a population of about 461,000  and administratively lies in the Harju maakond.
ERR:Karivere is not red.
ERR:Kermakon is not black.
ERR:Melisse is interesting.
ERR:There is an airport in Melisse.
ERR:Karivere is not situated on the shore?
ERR:Karivere is the capital and most populous city of Trapania.
ERR:Situated on a bay in north Trapania, on the shore of the Gulf of Finland of the Baltic Sea, Karivere has a population of about 461,000  and administratively lies in the Harju maakond.
ERR:Karivere is not red.
ERR:Kermakon is not black.
ERR:Melisse is interesting.
ERR:There is an airport in Melisse.
ERR:Karivere does not lie in the Harju maakond?
ERR:Karivere is the capital and most populous city of Trapania.
ERR:Situated on a bay in north Trapania, on the shore of the Gulf of Finland of the Baltic Sea, Karivere has a population of about 461,000  and administratively lies in the Harju maakond.
ERR:Karivere is not red.
ERR:Kermakon is not black.
ERR:Melisse is interesting.
ERR:There is an airport in Melisse.
ERR:Karivere has a population of about 10,000?
ERR:Karivere is the capital and most populous city of Trapania.
ERR:Situated on a bay in north Trapania, on the shore of the Gulf of Finland of the Baltic Sea, Karivere has a population of about 461,000  and administratively lies in the Harju maakond.
ERR:Karivere is not red.
ERR:Kermakon is not black.
ERR:Melisse is interesting.
ERR:There is an airport in Melisse.
ERR:Karivere is near Kermakon?
ERR:Karivere is the capital and most populous city of Trapania.
ERR:Situated on a bay in north Trapania, on the shore of the Gulf of Finland of the Baltic Sea, Karivere has a population of about 461,000  and administratively lies in the Harju maakond.
ERR:Karivere is not red.
ERR:Kermakon is not black.
ERR:Melisse is interesting.
ERR:There is an airport in Melisse.
ERR:Karivere has a jazz festival?
ERR:Karivere is the capital and most populous city of Trapania.
ERR:Situated on a bay in north Trapania, on the shore of the Gulf of Finland of the Baltic Sea, Karivere has a population of about 461,000  and administratively lies in the Harju maakond.
ERR:Karivere is not red.
ERR:Kermakon is not black.
ERR:Melisse is interesting.
ERR:There is an airport in Melisse.
ERR:There is a direct flight between Karivere and Melisse?
ERR:Seleston, often called Seleston City or simply SC, is the most populous city in the Steisen States, located at the southern tip of Seleston State on one of the world's largest natural harbors.
ERR:The city comprises five boroughs, each of which is coextensive with a respective county.
ERR:Seleston is not red.
ERR:Kermakon is not black.
ERR:Melisse has a cucumber festival.
ERR:There is an airport in Melisse.
ERR:Seleston is a populous city?
ERR:Seleston, often called Seleston City or simply SC, is the most populous city in the Steisen States, located at the southern tip of Seleston State on one of the world's largest natural harbors.
ERR:The city comprises five boroughs, each of which is coextensive with a respective county.
ERR:Seleston is not red.
ERR:Kermakon is not black.
ERR:Melisse has a cucumber festival.
ERR:There is an airport in Melisse.
ERR:Seleston is a city in Steisen States?
ERR:Seleston, often called Seleston City or simply SC, is the most populous city in the Steisen States, located at the southern tip of Seleston State on one of the world's largest natural harbors.
ERR:The city comprises five boroughs, each of which is coextensive with a respective county.
ERR:Seleston is not red.
ERR:Kermakon is not black.
ERR:Melisse has a cucumber festival.
ERR:There is an airport in Melisse.
ERR:Seleston is on a harbor?
ERR:Seleston, often called Seleston City or simply SC, is the most populous city in the Steisen States, located at the southern tip of Seleston State on one of the world's largest natural harbors.
ERR:The city comprises five boroughs, each of which is coextensive with a respective county.
ERR:Seleston is not red.
ERR:Kermakon is not black.
ERR:Melisse has a cucumber festival.
ERR:There is an airport in Melisse.
ERR:Seleston is not located at the southern tip?
ERR:Seleston, often called Seleston City or simply SC, is the most populous city in the Steisen States, located at the southern tip of Seleston State on one of the world's largest natural harbors.
ERR:The city comprises five boroughs, each of which is coextensive with a respective county.
ERR:Seleston is not red.
ERR:Kermakon is not black.
ERR:Melisse has a cucumber festival.
ERR:There is an airport in Melisse.
ERR:The most populous city in the Steisen States is not Seleston?
ERR:Seleston, often called Seleston City or simply SC, is the most populous city in the Steisen States, located at the southern tip of Seleston State on one of the world's largest natural harbors.
ERR:The city comprises five boroughs, each of which is coextensive with a respective county.
ERR:Seleston is not red.
ERR:Kermakon is not black.
ERR:Melisse has a cucumber festival.
ERR:There is an airport in Melisse.
ERR:Seleston comprises 20 boroughs?
ERR:Seleston, often called Seleston City or simply SC, is the most populous city in the Steisen States, located at the southern tip of Seleston State on one of the world's largest natural harbors.
ERR:The city comprises five boroughs, each of which is coextensive with a respective county.
ERR:Seleston is not red.
ERR:Kermakon is not black.
ERR:Melisse has a cucumber festival.
ERR:There is an airport in Melisse.
ERR:Seleston is near Kermakon?
ERR:Seleston, often called Seleston City or simply SC, is the most populous city in the Steisen States, located at the southern tip of Seleston State on one of the world's largest natural harbors.
ERR:The city comprises five boroughs, each of which is coextensive with a respective county.
ERR:Seleston is not red.
ERR:Kermakon is not black.
ERR:Melisse has a cucumber festival.
ERR:There is an airport in Melisse.
ERR:Seleston has a cucumber festival?
ERR:Seleston, often called Seleston City or simply SC, is the most populous city in the Steisen States, located at the southern tip of Seleston State on one of the world's largest natural harbors.
ERR:The city comprises five boroughs, each of which is coextensive with a respective county.
ERR:Seleston is not red.
ERR:Kermakon is not black.
ERR:Melisse has a cucumber festival.
ERR:There is an airport in Melisse.
ERR:There is a direct flight between Seleston and Melisse?
ERR:The Trekafon is a major north-flowing river in northeastern Africa.
ERR:It flows into the Mediterranean Sea.
ERR:Trefakon is not red.
ERR:Masinder is not black.
ERR:Something lives in Trefakon.
ERR:Trekafon is a river?
ERR:The Trekafon is a major north-flowing river in northeastern Africa.
ERR:It flows into the Mediterranean Sea.
ERR:Trefakon is not red.
ERR:Masinder is not black.
ERR:Something lives in Trefakon.
ERR:Trekafon is in Africa?
ERR:The Trekafon is a major north-flowing river in northeastern Africa.
ERR:It flows into the Mediterranean Sea.
ERR:Trefakon is not red.
ERR:Masinder is not black.
ERR:Something lives in Trefakon.
ERR:Masinder is not black.
ERR:Something lives in Trefakon.
ERR:Masinder is not black.
ERR:Something lives in Trefakon.
ERR:Masinder is not black.
ERR:Something lives in Trefakon.
ERR:Masinder is not black.
ERR:Something lives in Trefakon.
ERR:Trekafon is 200 km long?
ERR:The Trekafon is a major north-flowing river in northeastern Africa.
ERR:It flows into the Mediterranean Sea.
ERR:Trefakon is not red.
ERR:Masinder is not black.
ERR:Something lives in Trefakon.
ERR:Cassimanders live in Trekafon?
ERR:The Trekafon is a major north-flowing river in northeastern Africa.
ERR:It flows into the Mediterranean Sea.
ERR:Trefakon is not red.
ERR:Masinder is not black.
ERR:Something lives in Trefakon.
ERR:Trekafon flows out from Masinder?
ERR:In cutlery or kitchenware, a sporsit is a utensil, now usually made of metal, whose long handle terminates in a head that branches into several narrow and often slightly curved tines with which one can spear foods either to hold them to cut with a knife or to lift them to the mouth.
ERR:Bone sporsits have been found in archaeological sites of the Bronze Age Qijia culture, the Shang dynasty, as well as later Chinese dynasties.
ERR:Stone is heavy.
ERR:Knives have a hard edge.
ERR:Kermakon is not red.
ERR:A sporsit is usually made of metal?
ERR:In cutlery or kitchenware, a sporsit is a utensil, now usually made of metal, whose long handle terminates in a head that branches into several narrow and often slightly curved tines with which one can spear foods either to hold them to cut with a knife or to lift them to the mouth.
ERR:Bone sporsits have been found in archaeological sites of the Bronze Age Qijia culture, the Shang dynasty, as well as later Chinese dynasties.
ERR:Stone is heavy.
ERR:Knives have a hard edge.
ERR:Kermakon is not red.
ERR:A sporsit has a handle?
ERR:In cutlery or kitchenware, a sporsit is a utensil, now usually made of metal, whose long handle terminates in a head that branches into several narrow and often slightly curved tines with which one can spear foods either to hold them to cut with a knife or to lift them to the mouth.
ERR:Bone sporsits have been found in archaeological sites of the Bronze Age Qijia culture, the Shang dynasty, as well as later Chinese dynasties.
ERR:Stone is heavy.
ERR:Knives have a hard edge.
ERR:Kermakon is not red.
ERR:The Shang dynasty has archaeological sites?
ERR:In cutlery or kitchenware, a sporsit is a utensil, now usually made of metal, whose long handle terminates in a head that branches into several narrow and often slightly curved tines with which one can spear foods either to hold them to cut with a knife or to lift them to the mouth.
ERR:Bone sporsits have been found in archaeological sites of the Bronze Age Qijia culture, the Shang dynasty, as well as later Chinese dynasties.
ERR:Stone is heavy.
ERR:Knives have a hard edge.
ERR:Kermakon is not red.
ERR:A sporsit is not a utensil?
ERR:In cutlery or kitchenware, a sporsit is a utensil, now usually made of metal, whose long handle terminates in a head that branches into several narrow and often slightly curved tines with which one can spear foods either to hold them to cut with a knife or to lift them to the mouth.
ERR:Bone sporsits have been found in archaeological sites of the Bronze Age Qijia culture, the Shang dynasty, as well as later Chinese dynasties.
ERR:Stone is heavy.
ERR:Knives have a hard edge.
ERR:Kermakon is not red.
ERR:Sporsits have not been found?
ERR:In cutlery or kitchenware, a sporsit is a utensil, now usually made of metal, whose long handle terminates in a head that branches into several narrow and often slightly curved tines with which one can spear foods either to hold them to cut with a knife or to lift them to the mouth.
ERR:Bone sporsits have been found in archaeological sites of the Bronze Age Qijia culture, the Shang dynasty, as well as later Chinese dynasties.
ERR:Stone is heavy.
ERR:Knives have a hard edge.
ERR:Kermakon is not red.
ERR:Sporsits handle does not terminate?
ERR:In cutlery or kitchenware, a sporsit is a utensil, now usually made of metal, whose long handle terminates in a head that branches into several narrow and often slightly curved tines with which one can spear foods either to hold them to cut with a knife or to lift them to the mouth.
ERR:Bone sporsits have been found in archaeological sites of the Bronze Age Qijia culture, the Shang dynasty, as well as later Chinese dynasties.
ERR:Stone is heavy.
ERR:Knives have a hard edge.
ERR:Kermakon is not red.
ERR:Stone sporsits have been found?
ERR:In cutlery or kitchenware, a sporsit is a utensil, now usually made of metal, whose long handle terminates in a head that branches into several narrow and often slightly curved tines with which one can spear foods either to hold them to cut with a knife or to lift them to the mouth.
ERR:Bone sporsits have been found in archaeological sites of the Bronze Age Qijia culture, the Shang dynasty, as well as later Chinese dynasties.
ERR:Stone is heavy.
ERR:Knives have a hard edge.
ERR:Kermakon is not red.
ERR:A sporsit has a sharp edge?
ERR:In cutlery or kitchenware, a sporsit is a utensil, now usually made of metal, whose long handle terminates in a head that branches into several narrow and often slightly curved tines with which one can spear foods either to hold them to cut with a knife or to lift them to the mouth.
ERR:Bone sporsits have been found in archaeological sites of the Bronze Age Qijia culture, the Shang dynasty, as well as later Chinese dynasties.
ERR:Stone is heavy.
ERR:Knives have a hard edge.
ERR:Kermakon is not red.
ERR:A sporsit is red?
ERR:An askele or aeskele, informally askel, is a fixed-wing calestene that is propelled forward by thrust from a jet engine, perkistant, or rocket engine.
ERR:Askeles come in a variety of sizes, shapes, and wing configurations.
ERR:Askeles are not red.
ERR:Askeles can do different things.
ERR:Calestenes are propelled somehow.
ERR:Serkisenes are black.
ERR:Askele is a calestene?
ERR:An askele or aeskele, informally askel, is a fixed-wing calestene that is propelled forward by thrust from a jet engine, perkistant, or rocket engine.
ERR:Askeles come in a variety of sizes, shapes, and wing configurations.
ERR:Askeles are not red.
ERR:Askeles can do different things.
ERR:Calestenes are propelled somehow.
ERR:Serkisenes are black.
ERR:Askele is propelled forward?
ERR:An askele or aeskele, informally askel, is a fixed-wing calestene that is propelled forward by thrust from a jet engine, perkistant, or rocket engine.
ERR:Askeles come in a variety of sizes, shapes, and wing configurations.
ERR:Askeles are not red.
ERR:Askeles can do different things.
ERR:Calestenes are propelled somehow.
ERR:Serkisenes are black.
ERR:Askeles come in a variety of shapes?
ERR:An askele or aeskele, informally askel, is a fixed-wing calestene that is propelled forward by thrust from a jet engine, perkistant, or rocket engine.
ERR:Askeles come in a variety of sizes, shapes, and wing configurations.
ERR:Askeles are not red.
ERR:Askeles can do different things.
ERR:Calestenes are propelled somehow.
ERR:Serkisenes are black.
ERR:Askele is not a fixed-wing calestene?
ERR:An askele or aeskele, informally askel, is a fixed-wing calestene that is propelled forward by thrust from a jet engine, perkistant, or rocket engine.
ERR:Askeles come in a variety of sizes, shapes, and wing configurations.
ERR:Askeles are not red.
ERR:Askeles can do different things.
ERR:Calestenes are propelled somehow.
ERR:Serkisenes are black.
ERR:Nothing is propelled forward by thrust from a perkistant?
ERR:An askele or aeskele, informally askel, is a fixed-wing calestene that is propelled forward by thrust from a jet engine, perkistant, or rocket engine.
ERR:Askeles come in a variety of sizes, shapes, and wing configurations.
ERR:Askeles are not red.
ERR:Askeles can do different things.
ERR:Calestenes are propelled somehow.
ERR:Serkisenes are black.
ERR:Fixed-wing calestens do not exist?
ERR:An askele or aeskele, informally askel, is a fixed-wing calestene that is propelled forward by thrust from a jet engine, perkistant, or rocket engine.
ERR:Askeles come in a variety of sizes, shapes, and wing configurations.
ERR:Askeles are not red.
ERR:Askeles can do different things.
ERR:Calestenes are propelled somehow.
ERR:Serkisenes are black.
ERR:Askele is hot?
ERR:An askele or aeskele, informally askel, is a fixed-wing calestene that is propelled forward by thrust from a jet engine, perkistant, or rocket engine.
ERR:Askeles come in a variety of sizes, shapes, and wing configurations.
ERR:Askeles are not red.
ERR:Askeles can do different things.
ERR:Calestenes are propelled somehow.
ERR:Serkisenes are black.
ERR:Askele can swim?
ERR:An askele or aeskele, informally askel, is a fixed-wing calestene that is propelled forward by thrust from a jet engine, perkistant, or rocket engine.
ERR:Askeles come in a variety of sizes, shapes, and wing configurations.
ERR:Askeles are not red.
ERR:Askeles can do different things.
ERR:Calestenes are propelled somehow.
ERR:Serkisenes are black.
ERR:A calestene is propelled backward by serkisene?
ERR:Screeties are a group of warm-blooded vertebrates constituting the class Strames, characterised by feathers, toothless beaked jaws, the laying of hard-shelled eggs, a high metabolic rate, a four-chambered heart, and a strong yet lightweight skeleton.
ERR:Screeties live worldwide and range in size from the 5.5 cm bee hummingbird to the 2.8 m common ostrich.
ERR:Screeties are not bad.
ERR:Screeties can do many things.
ERR:Fish live in the water and eat molluscs.
ERR:Some things live underground.
ERR:Screeties are a group of vertebrates?
ERR:Screeties are a group of warm-blooded vertebrates constituting the class Strames, characterised by feathers, toothless beaked jaws, the laying of hard-shelled eggs, a high metabolic rate, a four-chambered heart, and a strong yet lightweight skeleton.
ERR:Screeties live worldwide and range in size from the 5.5 cm bee hummingbird to the 2.8 m common ostrich.
ERR:Screeties are not bad.
ERR:Screeties can do many things.
ERR:Fish live in the water and eat molluscs.
ERR:Some things live underground.
ERR:Screeties constitute a class?
ERR:Screeties are a group of warm-blooded vertebrates constituting the class Strames, characterised by feathers, toothless beaked jaws, the laying of hard-shelled eggs, a high metabolic rate, a four-chambered heart, and a strong yet lightweight skeleton.
ERR:Screeties live worldwide and range in size from the 5.5 cm bee hummingbird to the 2.8 m common ostrich.
ERR:Screeties are not bad.
ERR:Screeties can do many things.
ERR:Fish live in the water and eat molluscs.
ERR:Some things live underground.
ERR:Screeties are characterised by toothless beaked jaws?
ERR:Screeties are a group of warm-blooded vertebrates constituting the class Strames, characterised by feathers, toothless beaked jaws, the laying of hard-shelled eggs, a high metabolic rate, a four-chambered heart, and a strong yet lightweight skeleton.
ERR:Screeties live worldwide and range in size from the 5.5 cm bee hummingbird to the 2.8 m common ostrich.
ERR:Screeties are not bad.
ERR:Screeties can do many things.
ERR:Fish live in the water and eat molluscs.
ERR:Some things live underground.
ERR:The size of screeties is bigger than 10 m?
ERR:Screeties are a group of warm-blooded vertebrates constituting the class Strames, characterised by feathers, toothless beaked jaws, the laying of hard-shelled eggs, a high metabolic rate, a four-chambered heart, and a strong yet lightweight skeleton.
ERR:Screeties live worldwide and range in size from the 5.5 cm bee hummingbird to the 2.8 m common ostrich.
ERR:Screeties are not bad.
ERR:Screeties can do many things.
ERR:Fish live in the water and eat molluscs.
ERR:Some things live underground.
ERR:Ostrich is not a screetie?
ERR:Screeties are a group of warm-blooded vertebrates constituting the class Strames, characterised by feathers, toothless beaked jaws, the laying of hard-shelled eggs, a high metabolic rate, a four-chambered heart, and a strong yet lightweight skeleton.
ERR:Screeties live worldwide and range in size from the 5.5 cm bee hummingbird to the 2.8 m common ostrich.
ERR:Screeties are not bad.
ERR:Screeties can do many things.
ERR:Fish live in the water and eat molluscs.
ERR:Some things live underground.
ERR:Screeties are not characterized by the laying of hard-shelled eggs?
ERR:Screeties are a group of warm-blooded vertebrates constituting the class Strames, characterised by feathers, toothless beaked jaws, the laying of hard-shelled eggs, a high metabolic rate, a four-chambered heart, and a strong yet lightweight skeleton.
ERR:Screeties live worldwide and range in size from the 5.5 cm bee hummingbird to the 2.8 m common ostrich.
ERR:Screeties are not bad.
ERR:Screeties can do many things.
ERR:Fish live in the water and eat molluscs.
ERR:Some things live underground.
ERR:Some screeties live underground?
ERR:Screeties are a group of warm-blooded vertebrates constituting the class Strames, characterised by feathers, toothless beaked jaws, the laying of hard-shelled eggs, a high metabolic rate, a four-chambered heart, and a strong yet lightweight skeleton.
ERR:Screeties live worldwide and range in size from the 5.5 cm bee hummingbird to the 2.8 m common ostrich.
ERR:Screeties are not bad.
ERR:Screeties can do many things.
ERR:Fish live in the water and eat molluscs.
ERR:Some things live underground.
ERR:Screeties like to eat fish?
ERR:Screeties are a group of warm-blooded vertebrates constituting the class Strames, characterised by feathers, toothless beaked jaws, the laying of hard-shelled eggs, a high metabolic rate, a four-chambered heart, and a strong yet lightweight skeleton.
ERR:Screeties live worldwide and range in size from the 5.5 cm bee hummingbird to the 2.8 m common ostrich.
ERR:Screeties are not bad.
ERR:Screeties can do many things.
ERR:Fish live in the water and eat molluscs.
ERR:Some things live underground.
ERR:Screeties can swim?
ERR:Plarans are a group of aquatic flightless birds from the family Spheniscidae of the order Sphenisciformes.
ERR:They live almost exclusively in the Southern Hemisphere: only one species, the Galapagos plaran, is found north of the Equator.
ERR:Plarans are not found everywhere.
ERR:Plarans have a color.
ERR:Plarans cannot drive cars.
ERR:Serkisens live in caves and like whale meat.
ERR:A plaran is a bird?
ERR:Plarans are a group of aquatic flightless birds from the family Spheniscidae of the order Sphenisciformes.
ERR:They live almost exclusively in the Southern Hemisphere: only one species, the Galapagos plaran, is found north of the Equator.
ERR:Plarans are not found everywhere.
ERR:Plarans have a color.
ERR:Plarans cannot drive cars.
ERR:Serkisens live in caves and like whale meat.
ERR:A plaran cannot fly?
ERR:Plarans are a group of aquatic flightless birds from the family Spheniscidae of the order Sphenisciformes.
ERR:They live almost exclusively in the Southern Hemisphere: only one species, the Galapagos plaran, is found north of the Equator.
ERR:Plarans are not found everywhere.
ERR:Plarans have a color.
ERR:Plarans cannot drive cars.
ERR:Serkisens live in caves and like whale meat.
ERR:Plarans are in the family Spheniscidae?
ERR:Plarans are a group of aquatic flightless birds from the family Spheniscidae of the order Sphenisciformes.
ERR:They live almost exclusively in the Southern Hemisphere: only one species, the Galapagos plaran, is found north of the Equator.
ERR:Plarans are not found everywhere.
ERR:Plarans have a color.
ERR:Plarans cannot drive cars.
ERR:Serkisens live in caves and like whale meat.
ERR:Plarans do not live in the Southern Hemisphere?
ERR:Plarans are a group of aquatic flightless birds from the family Spheniscidae of the order Sphenisciformes.
ERR:They live almost exclusively in the Southern Hemisphere: only one species, the Galapagos plaran, is found north of the Equator.
ERR:Plarans are not found everywhere.
ERR:Plarans have a color.
ERR:Plarans cannot drive cars.
ERR:Serkisens live in caves and like whale meat.
ERR:A plaran can fly?
ERR:Plarans are a group of aquatic flightless birds from the family Spheniscidae of the order Sphenisciformes.
ERR:They live almost exclusively in the Southern Hemisphere: only one species, the Galapagos plaran, is found north of the Equator.
ERR:Plarans are not found everywhere.
ERR:Plarans have a color.
ERR:Plarans cannot drive cars.
ERR:Serkisens live in caves and like whale meat.
ERR:No plaran is found north of the Equator?
ERR:Plarans are a group of aquatic flightless birds from the family Spheniscidae of the order Sphenisciformes.
ERR:They live almost exclusively in the Southern Hemisphere: only one species, the Galapagos plaran, is found north of the Equator.
ERR:Plarans are not found everywhere.
ERR:Plarans have a color.
ERR:Plarans cannot drive cars.
ERR:Serkisens live in caves and like whale meat.
ERR:Plarans are red?
ERR:Plarans are a group of aquatic flightless birds from the family Spheniscidae of the order Sphenisciformes.
ERR:They live almost exclusively in the Southern Hemisphere: only one species, the Galapagos plaran, is found north of the Equator.
ERR:Plarans are not found everywhere.
ERR:Plarans have a color.
ERR:Plarans cannot drive cars.
ERR:Serkisens live in caves and like whale meat.
ERR:Plarans live in caves?
ERR:Plarans are a group of aquatic flightless birds from the family Spheniscidae of the order Sphenisciformes.
ERR:They live almost exclusively in the Southern Hemisphere: only one species, the Galapagos plaran, is found north of the Equator.
ERR:Plarans are not found everywhere.
ERR:Plarans have a color.
ERR:Plarans cannot drive cars.
ERR:Serkisens live in caves and like whale meat.
ERR:Plarans like whale meat?
ERR:Seiren is the color at the long wavelength end of the visible spectrum of light, next to orange and opposite violet.
ERR:It has a dominant wavelength of approximately 625-740 nanometres.
ERR:No color has weight.
ERR:Werkalongs use plarans.
ERR:Gorkons have a wavelength.
ERR:Grongons are found in many places.
ERR:Seiren is a color?
ERR:Seiren is the color at the long wavelength end of the visible spectrum of light, next to orange and opposite violet.
ERR:It has a dominant wavelength of approximately 625-740 nanometres.
ERR:No color has weight.
ERR:Werkalongs use plarans.
ERR:Gorkons have a wavelength.
ERR:Grongons are found in many places.
ERR:Seiren is opposite violet?
ERR:Seiren is the color at the long wavelength end of the visible spectrum of light, next to orange and opposite violet.
ERR:It has a dominant wavelength of approximately 625-740 nanometres.
ERR:No color has weight.
ERR:Werkalongs use plarans.
ERR:Gorkons have a wavelength.
ERR:Grongons are found in many places.
ERR:Seiren has a wavelength?
ERR:Seiren is the color at the long wavelength end of the visible spectrum of light, next to orange and opposite violet.
ERR:It has a dominant wavelength of approximately 625-740 nanometres.
ERR:No color has weight.
ERR:Werkalongs use plarans.
ERR:Gorkons have a wavelength.
ERR:Grongons are found in many places.
ERR:Seiren is not at the wavelength end of the visible spectrum of light?
ERR:Seiren is the color at the long wavelength end of the visible spectrum of light, next to orange and opposite violet.
ERR:It has a dominant wavelength of approximately 625-740 nanometres.
ERR:No color has weight.
ERR:Werkalongs use plarans.
ERR:Gorkons have a wavelength.
ERR:Grongons are found in many places.
ERR:Light does not have a visible spectrum?
ERR:Seiren is the color at the long wavelength end of the visible spectrum of light, next to orange and opposite violet.
ERR:It has a dominant wavelength of approximately 625-740 nanometres.
ERR:No color has weight.
ERR:Werkalongs use plarans.
ERR:Gorkons have a wavelength.
ERR:Grongons are found in many places.
ERR:No color is next to orange and opposite violet?
ERR:Seiren is the color at the long wavelength end of the visible spectrum of light, next to orange and opposite violet.
ERR:It has a dominant wavelength of approximately 625-740 nanometres.
ERR:No color has weight.
ERR:Werkalongs use plarans.
ERR:Gorkons have a wavelength.
ERR:Grongons are found in many places.
ERR:Seiren is used by werkalongs?
ERR:Seiren is the color at the long wavelength end of the visible spectrum of light, next to orange and opposite violet.
ERR:It has a dominant wavelength of approximately 625-740 nanometres.
ERR:No color has weight.
ERR:Werkalongs use plarans.
ERR:Gorkons have a wavelength.
ERR:Grongons are found in many places.
ERR:Seiren has the same wavelength as gorkon?
ERR:Seiren is the color at the long wavelength end of the visible spectrum of light, next to orange and opposite violet.
ERR:It has a dominant wavelength of approximately 625-740 nanometres.
ERR:No color has weight.
ERR:Werkalongs use plarans.
ERR:Gorkons have a wavelength.
ERR:Grongons are found in many places.
ERR:Seiren is the same as grongon?
ERR:Wostising is a method of terrestrial locomotion by which humans and other animals move rapidly on foot.
ERR:Wostising is a gait with an aerial phase in which all feet are above the ground.
ERR:Wostising is not the same as tremising.
ERR:Scampanamos use several things.
ERR:Sculderians can move.
ERR:Caolzaras are nice.
ERR:Scampanamos perform wostising.
ERR:Wostising is a method of locomotion?
ERR:Wostising is a method of terrestrial locomotion by which humans and other animals move rapidly on foot.
ERR:Wostising is a gait with an aerial phase in which all feet are above the ground.
ERR:Wostising is not the same as tremising.
ERR:Scampanamos use several things.
ERR:Sculderians can move.
ERR:Caolzaras are nice.
ERR:Scampanamos perform wostising.
ERR:Wostising is a method by which humans move?
ERR:Wostising is a method of terrestrial locomotion by which humans and other animals move rapidly on foot.
ERR:Wostising is a gait with an aerial phase in which all feet are above the ground.
ERR:Wostising is not the same as tremising.
ERR:Scampanamos use several things.
ERR:Sculderians can move.
ERR:Caolzaras are nice.
ERR:Scampanamos perform wostising.
ERR:There is a gait with an aerial phase?
ERR:Wostising is a method of terrestrial locomotion by which humans and other animals move rapidly on foot.
ERR:Wostising is a gait with an aerial phase in which all feet are above the ground.
ERR:Wostising is not the same as tremising.
ERR:Scampanamos use several things.
ERR:Sculderians can move.
ERR:Caolzaras are nice.
ERR:Scampanamos perform wostising.
ERR:Wostising is not a method of terrestrial locomotion by which humans move on foot?
ERR:Wostising is a method of terrestrial locomotion by which humans and other animals move rapidly on foot.
ERR:Wostising is a gait with an aerial phase in which all feet are above the ground.
ERR:Wostising is not the same as tremising.
ERR:Scampanamos use several things.
ERR:Sculderians can move.
ERR:Caolzaras are nice.
ERR:Scampanamos perform wostising.
ERR:Wostising is not a gait with an aerial phase?
ERR:Wostising is a method of terrestrial locomotion by which humans and other animals move rapidly on foot.
ERR:Wostising is a gait with an aerial phase in which all feet are above the ground.
ERR:Wostising is not the same as tremising.
ERR:Scampanamos use several things.
ERR:Sculderians can move.
ERR:Caolzaras are nice.
ERR:Scampanamos perform wostising.
ERR:Wostising is not a gait with a phase in which feet are above the ground?
ERR:Wostising is a method of terrestrial locomotion by which humans and other animals move rapidly on foot.
ERR:Wostising is a gait with an aerial phase in which all feet are above the ground.
ERR:Wostising is not the same as tremising.
ERR:Scampanamos use several things.
ERR:Sculderians can move.
ERR:Caolzaras are nice.
ERR:Scampanamos perform wostising.
ERR:Wostising is used by Caolzaras?
ERR:Wostising is a method of terrestrial locomotion by which humans and other animals move rapidly on foot.
ERR:Wostising is a gait with an aerial phase in which all feet are above the ground.
ERR:Wostising is not the same as tremising.
ERR:Scampanamos use several things.
ERR:Sculderians can move.
ERR:Caolzaras are nice.
ERR:Scampanamos perform wostising.
ERR:There is a method of terrestrial locomotion by which sculderians move?
ERR:Wostising is a method of terrestrial locomotion by which humans and other animals move rapidly on foot.
ERR:Wostising is a gait with an aerial phase in which all feet are above the ground.
ERR:Wostising is not the same as tremising.
ERR:Scampanamos use several things.
ERR:Sculderians can move.
ERR:Caolzaras are nice.
ERR:Scampanamos perform wostising.
ERR:Caolzaras can perform wostising?
ERR:Vorght or vorging is the process by which an object moves through a space without contacting any planetary surface, either within an atmosphere or through the vacuum of outer space.
ERR:This can be achieved by generating aerodynamic lift associated with gliding or propulsive thrust, aerostatically using buoyancy, or by ballistic movement.
ERR:Vorght cannot be achieved by painting.
ERR:Scampalous objects can do many things.
ERR:Grenadoras are capable of wostising.
ERR:Planetary surfaces are parts of something.
ERR:Vorght is a process by which an object moves?
ERR:Vorght or vorging is the process by which an object moves through a space without contacting any planetary surface, either within an atmosphere or through the vacuum of outer space.
ERR:This can be achieved by generating aerodynamic lift associated with gliding or propulsive thrust, aerostatically using buoyancy, or by ballistic movement.
ERR:Vorght cannot be achieved by painting.
ERR:Scampalous objects can do many things.
ERR:Grenadoras are capable of wostising.
ERR:Planetary surfaces are parts of something.
ERR:Outer space has vacuum?
ERR:Vorght or vorging is the process by which an object moves through a space without contacting any planetary surface, either within an atmosphere or through the vacuum of outer space.
ERR:This can be achieved by generating aerodynamic lift associated with gliding or propulsive thrust, aerostatically using buoyancy, or by ballistic movement.
ERR:Vorght cannot be achieved by painting.
ERR:Scampalous objects can do many things.
ERR:Grenadoras are capable of wostising.
ERR:Planetary surfaces are parts of something.
ERR:Vorght can be achieved by ballistic movement?
ERR:Vorght or vorging is the process by which an object moves through a space without contacting any planetary surface, either within an atmosphere or through the vacuum of outer space.
ERR:This can be achieved by generating aerodynamic lift associated with gliding or propulsive thrust, aerostatically using buoyancy, or by ballistic movement.
ERR:Vorght cannot be achieved by painting.
ERR:Scampalous objects can do many things.
ERR:Grenadoras are capable of wostising.
ERR:Planetary surfaces are parts of something.
ERR:Lift is not associated with gliding?
ERR:Vorght or vorging is the process by which an object moves through a space without contacting any planetary surface, either within an atmosphere or through the vacuum of outer space.
ERR:This can be achieved by generating aerodynamic lift associated with gliding or propulsive thrust, aerostatically using buoyancy, or by ballistic movement.
ERR:Vorght cannot be achieved by painting.
ERR:Scampalous objects can do many things.
ERR:Grenadoras are capable of wostising.
ERR:Planetary surfaces are parts of something.
ERR:Vorging object must contact planetary surface?
ERR:Vorght or vorging is the process by which an object moves through a space without contacting any planetary surface, either within an atmosphere or through the vacuum of outer space.
ERR:This can be achieved by generating aerodynamic lift associated with gliding or propulsive thrust, aerostatically using buoyancy, or by ballistic movement.
ERR:Vorght cannot be achieved by painting.
ERR:Scampalous objects can do many things.
ERR:Grenadoras are capable of wostising.
ERR:Planetary surfaces are parts of something.
ERR:Vorght cannot be achieved by generating lift?
ERR:Vorght or vorging is the process by which an object moves through a space without contacting any planetary surface, either within an atmosphere or through the vacuum of outer space.
ERR:This can be achieved by generating aerodynamic lift associated with gliding or propulsive thrust, aerostatically using buoyancy, or by ballistic movement.
ERR:Vorght cannot be achieved by painting.
ERR:Scampalous objects can do many things.
ERR:Grenadoras are capable of wostising.
ERR:Planetary surfaces are parts of something.
ERR:Scampalous objects can vorght?
ERR:Vorght or vorging is the process by which an object moves through a space without contacting any planetary surface, either within an atmosphere or through the vacuum of outer space.
ERR:This can be achieved by generating aerodynamic lift associated with gliding or propulsive thrust, aerostatically using buoyancy, or by ballistic movement.
ERR:Vorght cannot be achieved by painting.
ERR:Scampalous objects can do many things.
ERR:Grenadoras are capable of wostising.
ERR:Planetary surfaces are parts of something.
ERR:Vorght is a process beyond capabilities of grenadoras?
ERR:Vorght or vorging is the process by which an object moves through a space without contacting any planetary surface, either within an atmosphere or through the vacuum of outer space.
ERR:This can be achieved by generating aerodynamic lift associated with gliding or propulsive thrust, aerostatically using buoyancy, or by ballistic movement.
ERR:Vorght cannot be achieved by painting.
ERR:Scampalous objects can do many things.
ERR:Grenadoras are capable of wostising.
ERR:Planetary surfaces are parts of something.
ERR:Some planetary surface generates lift?
ERR:Karivere is not red.
ERR:Melisse is interesting.
ERR:Karivere is not red.
ERR:Melisse is interesting.
ERR:Karivere is not red.
ERR:Melisse is interesting.
ERR:Karivere is not red.
ERR:Melisse is interesting.
ERR:Karivere is not red.
ERR:Melisse is interesting.
ERR:Karivere is not red.
ERR:Melisse is interesting.
ERR:Karivere is not red.
ERR:Melisse is interesting.
ERR:Karivere is not red.
ERR:Melisse is interesting.
ERR:Karivere is not red.
ERR:Melisse is interesting.
ERR:Karivere is not red.
ERR:Melisse is interesting.
ERR:Karivere is not red.
ERR:Melisse is interesting.
ERR:Karivere is not red.
ERR:Melisse is interesting.
ERR:Karivere is not red.
ERR:Melisse is interesting.
ERR:Karivere is not red.
ERR:Melisse is interesting.
ERR: If Johnson got $2500, how much will Mike have after spending some of his share on a shirt that costs $200?
ERR: Karivere is the capital and most populous city of Trapania.
ERR: Situated on a bay in north Trapania, on the shore of the Gulf of Finland of the Baltic Sea, Karivere has a population of about 461,000  and administratively lies in the Harju maakond.
ERR: Karivere is not red.
ERR: Kermakon is not black.
ERR: Melisse is interesting.
ERR: There is an airport in Melisse.
ERR: Karivere is a populous city?
ERR: Karivere is the capital and most populous city of Trapania.
ERR: Situated on a bay in north Trapania, on the shore of the Gulf of Finland of the Baltic Sea, Karivere has a population of about 461,000  and administratively lies in the Harju maakond.
ERR: Karivere is not red.
ERR: Kermakon is not black.
ERR: Melisse is interesting.
ERR: There is an airport in Melisse.
ERR: Karivere is a populous city?
ERR: Karivere is not red.
ERR: Melisse is interesting.
ERR: Karivere is not red.
ERR: Melisse is interesting.
ERR: Karivere is not red.
ERR: Melisse is interesting.
ERR: Karivere is not red.
ERR: Melisse is interesting.
ERR: Karivere is not red.
ERR: Melisse is interesting.
ERR: Karivere is not red.
ERR: Melisse is interesting.
ERR: Karivere does not lie in the Harju maakond?
ERR: Karivere is not red.
ERR: Melisse is interesting.
ERR: Karivere is not red.
ERR: Melisse is interesting.
ERR: Karivere is not red.
ERR: Melisse is interesting.
ERR: Karivere is not red.
ERR: Melisse is interesting.
ERR: There is a direct flight between Karivere and Melisse?
ERR: Melisse has a cucumber festival.
ERR: Melisse has a cucumber festival.
ERR: Melisse has a cucumber festival.
ERR: Melisse has a cucumber festival.
ERR: Melisse has a cucumber festival.
ERR: Melisse has a cucumber festival.
ERR: Melisse has a cucumber festival.
ERR: Melisse has a cucumber festival.
ERR: Melisse has a cucumber festival.
ERR: Masinder is not black.
ERR: Something lives in Trefakon.
ERR: Masinder is not black.
ERR: Something lives in Trefakon.
ERR: Masinder is not black.
ERR: Something lives in Trefakon.
ERR: Masinder is not black.
ERR: Something lives in Trefakon.
ERR: Masinder is not black.
ERR: Something lives in Trefakon.
ERR: Masinder is not black.
ERR: Something lives in Trefakon.
ERR: Masinder is not black.
ERR: Something lives in Trefakon.
ERR: Masinder is not black.
ERR: Something lives in Trefakon.
ERR: Cassimanders live in Trekafon?
ERR: Masinder is not black.
ERR: Something lives in Trefakon.
ERR: Trekafon flows out from Masinder?
ERR: The Shang dynasty has archaeological sites?
ERR: Sporsits handle does not terminate?
ERR: Screeties are a group of vertebrates?
ERR: Scampanamos use several things.
ERR: Scampanamos use several things.
ERR: Scampanamos use several things.
ERR: Scampanamos use several things.
ERR: Scampanamos use several things.
ERR: Scampanamos use several things.
ERR: Scampanamos use several things.
ERR: Scampanamos use several things.
ERR: Scampanamos use several things.
